<?xml version="1.0" encoding="utf-8"?>
<TestRun id="1e347a73-6ff1-4471-85ad-fd12232feb26" name="@devmachine 2026-06-11 01:57:31" xmlns="http://microsoft.com/schemas/VisualStudio/TeamTest/2010">
  <Times creation="2026-06-11T01:57:31.8045140+02:00" queuing="2026-06-11T01:57:31.8045140+02:00" start="2026-06-11T01:57:31.4689610+02:00" finish="2026-06-11T01:57:31.8046910+02:00" />
  <TestSettings name="default" id="d45ffc71-3720-4da8-b428-e0de46ce172c">
    <Deployment runDeploymentRoot="_devmachine_2026-06-11_01_57_31" />
  </TestSettings>
  <TestLists>
    <TestList name="Wyniki, których nie ma na liście" id="8c84fa94-04c1-424b-9868-57a2d4851a1d" />
    <TestList name="Wszystkie załadowane wyniki" id="19431567-8539-422a-85d7-44ee4e166bda" />
  </TestLists>
  <ResultSummary outcome="Completed">
    <Counters total="0" executed="0" passed="0" failed="0" error="0" timeout="0" aborted="0" inconclusive="0" passedButRunAborted="0" notRunnable="0" notExecuted="0" disconnected="0" warning="0" completed="0" inProgress="0" pending="0" />
    <Output>
      <StdOut>[xUnit.net 00:00:00.00] xUnit.net VSTest Adapter v3.0.2+dd36e86129 (64-bit .NET 9.0.14)
[xUnit.net 00:00:00.03]   Discovering: WebApi.Tests
[xUnit.net 00:00:00.04]   Discovered:  WebApi.Tests
</StdOut>
    </Output>
    <RunInfos>
      <RunInfo computerName="devmachine" outcome="Warning" timestamp="2026-06-11T01:57:31.7690280+02:00">
        <Text>Żaden test nie jest zgodny z podanym filtrem przypadku testowego „Category!=Integration” w elemencie /Users/devmachine/kod/Modelibr/tests/WebApi.Tests/bin/Debug/net9.0/WebApi.Tests.dll</Text>
      </RunInfo>
    </RunInfos>
  </ResultSummary>
</TestRun>