<?xml version="1.0" encoding="utf-8"?>
<TestRun id="2d4b9ac2-12b9-40d0-aace-3dfed0974435" name="@devmachine 2026-06-11 01:57:31" xmlns="http://microsoft.com/schemas/VisualStudio/TeamTest/2010">
  <Times creation="2026-06-11T01:57:31.5668230+02:00" queuing="2026-06-11T01:57:31.5668230+02:00" start="2026-06-11T01:57:31.0269570+02:00" finish="2026-06-11T01:57:32.0278180+02:00" />
  <TestSettings name="default" id="d122d973-08f4-4f7e-a254-1eadc20a0051">
    <Deployment runDeploymentRoot="_devmachine_2026-06-11_01_57_31" />
  </TestSettings>
  <Results>
    <UnitTestResult executionId="22fd7f20-8c31-405d-8c66-00d3ebf6c060" testId="17778559-987a-6375-867e-463d7085688b" testName="Infrastructure.Tests.Services.ThumbnailQueueTests.EnqueueEnvironmentMapThumbnailAsync_WhenNoExistingJob_ShouldCreateNewJob" computerName="devmachine" duration="00:00:00.0050932" startTime="2026-06-11T01:57:31.5418490+02:00" endTime="2026-06-11T01:57:31.5418690+02:00" testType="13cdc9d9-ddb5-4fa4-a97d-d965ccfc6d4b" outcome="Passed" testListId="8c84fa94-04c1-424b-9868-57a2d4851a1d" relativeResultsDirectory="22fd7f20-8c31-405d-8c66-00d3ebf6c060" />
    <UnitTestResult executionId="3a5c1b5d-4626-4bae-a78e-b5c0c1372cc8" testId="399e5d1b-867a-3361-d054-650f9621ab7f" testName="Infrastructure.Tests.Services.ThumbnailQueueTests.MarkFailedAsync_ExceedsMaxAttempts_ShouldMoveToDeadLetter" computerName="devmachine" duration="00:00:00.0019727" startTime="2026-06-11T01:57:31.5444720+02:00" endTime="2026-06-11T01:57:31.5463600+02:00" testType="13cdc9d9-ddb5-4fa4-a97d-d965ccfc6d4b" outcome="Passed" testListId="8c84fa94-04c1-424b-9868-57a2d4851a1d" relativeResultsDirectory="3a5c1b5d-4626-4bae-a78e-b5c0c1372cc8" />
    <UnitTestResult executionId="d71b2f84-8928-434e-b0d1-1bab4449ea6b" testId="ea8ee471-fd6d-0ec6-dbb1-053f1663f9c4" testName="Infrastructure.Tests.WebDav.VirtualAssetStoreTests.GetCollectionAsync_ProjectsPath_ReturnsProjectsCollection" computerName="devmachine" duration="00:00:00.0011084" startTime="2026-06-11T01:57:31.8635560+02:00" endTime="2026-06-11T01:57:31.8647390+02:00" testType="13cdc9d9-ddb5-4fa4-a97d-d965ccfc6d4b" outcome="Passed" testListId="8c84fa94-04c1-424b-9868-57a2d4851a1d" relativeResultsDirectory="d71b2f84-8928-434e-b0d1-1bab4449ea6b" />
    <UnitTestResult executionId="86e936bf-7141-4e77-a3ce-362927f5bd34" testId="6977c1bd-5854-cc13-422a-39ac380af7a0" testName="Infrastructure.Tests.Services.ThumbnailQueueTests.EnqueueAsync_WhenJobExists_ShouldReturnExistingJobWithoutReset" computerName="devmachine" duration="00:00:00.0011235" startTime="2026-06-11T01:57:31.5417790+02:00" endTime="2026-06-11T01:57:31.5417990+02:00" testType="13cdc9d9-ddb5-4fa4-a97d-d965ccfc6d4b" outcome="Passed" testListId="8c84fa94-04c1-424b-9868-57a2d4851a1d" relativeResultsDirectory="86e936bf-7141-4e77-a3ce-362927f5bd34" />
    <UnitTestResult executionId="ad2af2a2-2417-4bf6-92fe-c896ed0cbe2e" testId="ea84e3fe-759f-eb73-5709-3550ca6d6270" testName="Infrastructure.Tests.Services.ThumbnailQueueTests.EnqueueAsync_WhenNoExistingJob_ShouldCreateNewJob" computerName="devmachine" duration="00:00:00.0013676" startTime="2026-06-11T01:57:31.5419250+02:00" endTime="2026-06-11T01:57:31.5419440+02:00" testType="13cdc9d9-ddb5-4fa4-a97d-d965ccfc6d4b" outcome="Passed" testListId="8c84fa94-04c1-424b-9868-57a2d4851a1d" relativeResultsDirectory="ad2af2a2-2417-4bf6-92fe-c896ed0cbe2e" />
    <UnitTestResult executionId="0ba8c6ab-7dd6-458f-8fa1-66d197244837" testId="a7604183-8309-17c8-f2d6-4e9b7994bb44" testName="Infrastructure.Tests.Storage.HashBasedFileStorageTests.Concurrent_Saves_Do_Not_Corrupt" computerName="devmachine" duration="00:00:00.0120912" startTime="2026-06-11T01:57:31.4655750+02:00" endTime="2026-06-11T01:57:31.4837220+02:00" testType="13cdc9d9-ddb5-4fa4-a97d-d965ccfc6d4b" outcome="Passed" testListId="8c84fa94-04c1-424b-9868-57a2d4851a1d" relativeResultsDirectory="0ba8c6ab-7dd6-458f-8fa1-66d197244837" />
    <UnitTestResult executionId="a4c3721f-0ff7-47e7-847f-dd200d0f1e55" testId="71b3ee7d-fda3-e799-cbe5-822795b859ff" testName="Infrastructure.Tests.Services.ThumbnailQueueTests.MarkFailedAsync_WithinMaxAttempts_ShouldRetryJob" computerName="devmachine" duration="00:00:00.0012286" startTime="2026-06-11T01:57:31.5432890+02:00" endTime="2026-06-11T01:57:31.5443550+02:00" testType="13cdc9d9-ddb5-4fa4-a97d-d965ccfc6d4b" outcome="Passed" testListId="8c84fa94-04c1-424b-9868-57a2d4851a1d" relativeResultsDirectory="a4c3721f-0ff7-47e7-847f-dd200d0f1e55" />
    <UnitTestResult executionId="ea0cb015-427b-4c53-a443-97d1c5958353" testId="59e49367-409a-07d5-e107-2409bd500c06" testName="Infrastructure.Tests.WebDav.VirtualAssetStoreTests.GetCollectionAsync_RootPath_ReturnsRootCollection" computerName="devmachine" duration="00:00:00.0003107" startTime="2026-06-11T01:57:31.8649050+02:00" endTime="2026-06-11T01:57:31.8650010+02:00" testType="13cdc9d9-ddb5-4fa4-a97d-d965ccfc6d4b" outcome="Passed" testListId="8c84fa94-04c1-424b-9868-57a2d4851a1d" relativeResultsDirectory="ea0cb015-427b-4c53-a443-97d1c5958353" />
    <UnitTestResult executionId="a6a15887-bdd1-4b60-82a2-16334cafe419" testId="2b7324fd-d92e-3391-d581-62f2c2db641e" testName="Infrastructure.Tests.Services.ThumbnailQueueTests.EnqueueAsync_WhenJobExistsAndForceRegenerate_ShouldResetAndReturn" computerName="devmachine" duration="00:00:00.0016958" startTime="2026-06-11T01:57:31.5236530+02:00" endTime="2026-06-11T01:57:31.5251700+02:00" testType="13cdc9d9-ddb5-4fa4-a97d-d965ccfc6d4b" outcome="Passed" testListId="8c84fa94-04c1-424b-9868-57a2d4851a1d" relativeResultsDirectory="a6a15887-bdd1-4b60-82a2-16334cafe419" />
    <UnitTestResult executionId="7808d427-3b20-4581-aea3-463bdb0a1c85" testId="994ea636-7948-b9e5-303e-94e4f81be8d7" testName="Infrastructure.Tests.WebDav.VirtualAssetStoreTests.GetCollectionAsync_NonExistentProject_ReturnsNull" computerName="devmachine" duration="00:00:00.0013863" startTime="2026-06-11T01:57:32.0047210+02:00" endTime="2026-06-11T01:57:32.0060180+02:00" testType="13cdc9d9-ddb5-4fa4-a97d-d965ccfc6d4b" outcome="Passed" testListId="8c84fa94-04c1-424b-9868-57a2d4851a1d" relativeResultsDirectory="7808d427-3b20-4581-aea3-463bdb0a1c85" />
    <UnitTestResult executionId="91897176-c362-44da-a60d-528f1718a7e7" testId="66d57a7f-c8b7-09a8-e22a-6749eb669f1a" testName="Infrastructure.Tests.Services.ThumbnailQueueTests.CancelActiveJobsForModelAsync_WithOnlyPendingJob_ShouldCancelIt" computerName="devmachine" duration="00:00:00.0019025" startTime="2026-06-11T01:57:31.5253740+02:00" endTime="2026-06-11T01:57:31.5270840+02:00" testType="13cdc9d9-ddb5-4fa4-a97d-d965ccfc6d4b" outcome="Passed" testListId="8c84fa94-04c1-424b-9868-57a2d4851a1d" relativeResultsDirectory="91897176-c362-44da-a60d-528f1718a7e7" />
    <UnitTestResult executionId="08a41100-9ab7-498f-b06b-0ef448582af5" testId="8eadac3a-5fd7-d2e2-d86a-ede00fc9bd9a" testName="Infrastructure.Tests.WebDav.VirtualAssetStoreTests.GetCollectionAsync_ProjectByName_ReturnsProjectCollection" computerName="devmachine" duration="00:00:00.1395469" startTime="2026-06-11T01:57:31.8651250+02:00" endTime="2026-06-11T01:57:32.0046290+02:00" testType="13cdc9d9-ddb5-4fa4-a97d-d965ccfc6d4b" outcome="Passed" testListId="8c84fa94-04c1-424b-9868-57a2d4851a1d" relativeResultsDirectory="08a41100-9ab7-498f-b06b-0ef448582af5" />
    <UnitTestResult executionId="38232e5e-d67b-4efb-a378-4c2425240501" testId="3daedcb4-fe41-68ff-bbe1-10ebc0ee70b6" testName="Infrastructure.Tests.Storage.HashBasedFileStorageTests.Deduplicates_Same_Content" computerName="devmachine" duration="00:00:00.0051082" startTime="2026-06-11T01:57:31.4902290+02:00" endTime="2026-06-11T01:57:31.4903800+02:00" testType="13cdc9d9-ddb5-4fa4-a97d-d965ccfc6d4b" outcome="Passed" testListId="8c84fa94-04c1-424b-9868-57a2d4851a1d" relativeResultsDirectory="38232e5e-d67b-4efb-a378-4c2425240501" />
    <UnitTestResult executionId="0141ed52-d84b-4a83-98ae-a586d68fefcc" testId="f6350b41-1c9f-9231-60dc-d73d323507d2" testName="Infrastructure.Tests.Services.ThumbnailQueueTests.RetryJobAsync_WithValidJob_ShouldResetJob" computerName="devmachine" duration="00:00:00.0029886" startTime="2026-06-11T01:57:31.5415140+02:00" endTime="2026-06-11T01:57:31.5415550+02:00" testType="13cdc9d9-ddb5-4fa4-a97d-d965ccfc6d4b" outcome="Passed" testListId="8c84fa94-04c1-424b-9868-57a2d4851a1d" relativeResultsDirectory="0141ed52-d84b-4a83-98ae-a586d68fefcc" />
    <UnitTestResult executionId="2ca889bd-c0ba-4b3a-80d0-6e1f632c64b8" testId="ae1bf6e0-eee3-d77f-9f16-6e9ae6ae605a" testName="Infrastructure.Tests.WebDav.VirtualAssetStoreTests.GetItemAsync_RootPath_ReturnsRootCollection" computerName="devmachine" duration="00:00:00.0062011" startTime="2026-06-11T01:57:31.8494090+02:00" endTime="2026-06-11T01:57:31.8554750+02:00" testType="13cdc9d9-ddb5-4fa4-a97d-d965ccfc6d4b" outcome="Passed" testListId="8c84fa94-04c1-424b-9868-57a2d4851a1d" relativeResultsDirectory="2ca889bd-c0ba-4b3a-80d0-6e1f632c64b8" />
    <UnitTestResult executionId="0850df62-37df-4300-8890-c57db34be24d" testId="c07f9614-f6d3-4a45-c63a-2873b95b9e70" testName="Infrastructure.Tests.Services.ThumbnailQueueTests.DequeueAsync_WhenNoJobAvailable_ShouldReturnNull" computerName="devmachine" duration="00:00:00.0011727" startTime="2026-06-11T01:57:31.5224850+02:00" endTime="2026-06-11T01:57:31.5234540+02:00" testType="13cdc9d9-ddb5-4fa4-a97d-d965ccfc6d4b" outcome="Passed" testListId="8c84fa94-04c1-424b-9868-57a2d4851a1d" relativeResultsDirectory="0850df62-37df-4300-8890-c57db34be24d" />
    <UnitTestResult executionId="cca3c811-d963-437c-9970-3aebe0264cb6" testId="3afea6eb-a622-1343-7ccb-f2e3dd8b6716" testName="Infrastructure.Tests.Services.ThumbnailQueueTests.CancelActiveJobsForModelAsync_WithNoActiveJobs_ShouldReturnZero" computerName="devmachine" duration="00:00:00.0094984" startTime="2026-06-11T01:57:31.5573720+02:00" endTime="2026-06-11T01:57:31.5586710+02:00" testType="13cdc9d9-ddb5-4fa4-a97d-d965ccfc6d4b" outcome="Passed" testListId="8c84fa94-04c1-424b-9868-57a2d4851a1d" relativeResultsDirectory="cca3c811-d963-437c-9970-3aebe0264cb6" />
    <UnitTestResult executionId="24b9b680-32db-4ce6-b071-b19d01fad3a3" testId="dea4dd3f-ce15-fb8e-0cd3-875d51c6224a" testName="Infrastructure.Tests.Services.ThumbnailQueueTests.RetryJobAsync_WithValidJob_ShouldNotifyWorkersOfAvailableJob" computerName="devmachine" duration="00:00:00.0015950" startTime="2026-06-11T01:57:31.5419890+02:00" endTime="2026-06-11T01:57:31.5430970+02:00" testType="13cdc9d9-ddb5-4fa4-a97d-d965ccfc6d4b" outcome="Passed" testListId="8c84fa94-04c1-424b-9868-57a2d4851a1d" relativeResultsDirectory="24b9b680-32db-4ce6-b071-b19d01fad3a3" />
    <UnitTestResult executionId="fb27b901-945d-49da-a4a8-290b71fe1f01" testId="bf5868cd-d964-b427-c263-ee177f8815f1" testName="Infrastructure.Tests.Storage.HashBasedFileStorageTests.Saves_File_Into_Hash_Sharded_Path" computerName="devmachine" duration="00:00:00.0035722" startTime="2026-06-11T01:57:31.4911980+02:00" endTime="2026-06-11T01:57:31.4942710+02:00" testType="13cdc9d9-ddb5-4fa4-a97d-d965ccfc6d4b" outcome="Passed" testListId="8c84fa94-04c1-424b-9868-57a2d4851a1d" relativeResultsDirectory="fb27b901-945d-49da-a4a8-290b71fe1f01" />
    <UnitTestResult executionId="fcdff0a9-eb42-4e78-bde1-82a344fb1f43" testId="d5e52ac7-9091-dcbe-95df-15bcf656a24d" testName="Infrastructure.Tests.Services.ThumbnailQueueTests.CleanupExpiredLocksAsync_WithExpiredJobs_ShouldResetThem" computerName="devmachine" duration="00:00:00.0012826" startTime="2026-06-11T01:57:31.5272580+02:00" endTime="2026-06-11T01:57:31.5284060+02:00" testType="13cdc9d9-ddb5-4fa4-a97d-d965ccfc6d4b" outcome="Passed" testListId="8c84fa94-04c1-424b-9868-57a2d4851a1d" relativeResultsDirectory="fcdff0a9-eb42-4e78-bde1-82a344fb1f43" />
    <UnitTestResult executionId="ebe74ff3-c451-426a-b9b2-4a53404ee720" testId="29af7557-25f5-2fa7-0984-73f15f6cc1ef" testName="Infrastructure.Tests.Services.ThumbnailQueueTests.CancelActiveJobsForModelAsync_WithActiveJobs_ShouldCancelThem" computerName="devmachine" duration="00:00:00.0549524" startTime="2026-06-11T01:57:31.4663730+02:00" endTime="2026-06-11T01:57:31.5222770+02:00" testType="13cdc9d9-ddb5-4fa4-a97d-d965ccfc6d4b" outcome="Passed" testListId="8c84fa94-04c1-424b-9868-57a2d4851a1d" relativeResultsDirectory="ebe74ff3-c451-426a-b9b2-4a53404ee720" />
    <UnitTestResult executionId="caf32565-9b4f-48c7-9b6d-c920db960d63" testId="a1c6c557-0d4b-a2b8-4bfe-8d31004e0062" testName="Infrastructure.Tests.WebDav.VirtualAssetStoreTests.GetCollectionAsync_UnknownPath_ReturnsNull" computerName="devmachine" duration="00:00:00.0079964" startTime="2026-06-11T01:57:31.8555360+02:00" endTime="2026-06-11T01:57:31.8635070+02:00" testType="13cdc9d9-ddb5-4fa4-a97d-d965ccfc6d4b" outcome="Passed" testListId="8c84fa94-04c1-424b-9868-57a2d4851a1d" relativeResultsDirectory="caf32565-9b4f-48c7-9b6d-c920db960d63" />
    <UnitTestResult executionId="0d4d694e-3e04-4c09-99b2-0cead0b22efd" testId="210e2bfc-953b-52e7-0699-b0bb8a4368b5" testName="Infrastructure.Tests.WebDav.VirtualAssetStoreTests.GetCollectionAsync_SoundsPath_ReturnsSoundCategoriesCollection" computerName="devmachine" duration="00:00:00.3818861" startTime="2026-06-11T01:57:31.4663530+02:00" endTime="2026-06-11T01:57:31.8493070+02:00" testType="13cdc9d9-ddb5-4fa4-a97d-d965ccfc6d4b" outcome="Passed" testListId="8c84fa94-04c1-424b-9868-57a2d4851a1d" relativeResultsDirectory="0d4d694e-3e04-4c09-99b2-0cead0b22efd" />
    <UnitTestResult executionId="3a99a40d-7f8e-4086-ab3a-343e3e3e9239" testId="0fa89c28-2e0c-f96f-7161-57c64cde39ac" testName="Infrastructure.Tests.Services.ThumbnailQueueTests.DequeueAsync_WhenJobAvailable_ShouldClaimAndReturnJob" computerName="devmachine" duration="00:00:00.0022222" startTime="2026-06-11T01:57:31.5416990+02:00" endTime="2026-06-11T01:57:31.5417220+02:00" testType="13cdc9d9-ddb5-4fa4-a97d-d965ccfc6d4b" outcome="Passed" testListId="8c84fa94-04c1-424b-9868-57a2d4851a1d" relativeResultsDirectory="3a99a40d-7f8e-4086-ab3a-343e3e3e9239" />
    <UnitTestResult executionId="1fa85da4-5da4-4624-932b-5743e973fcfd" testId="3cfac417-29bb-c9df-ed9e-3c989c2b84b8" testName="Infrastructure.Tests.Services.ThumbnailQueueTests.MarkCompletedAsync_WithValidJob_ShouldUpdateJobAsCompleted" computerName="devmachine" duration="00:00:00.0023056" startTime="2026-06-11T01:57:31.5465690+02:00" endTime="2026-06-11T01:57:31.5556790+02:00" testType="13cdc9d9-ddb5-4fa4-a97d-d965ccfc6d4b" outcome="Passed" testListId="8c84fa94-04c1-424b-9868-57a2d4851a1d" relativeResultsDirectory="1fa85da4-5da4-4624-932b-5743e973fcfd" />
  </Results>
  <TestDefinitions>
    <UnitTest name="Infrastructure.Tests.Storage.HashBasedFileStorageTests.Deduplicates_Same_Content" storage="/users/devmachine/kod/modelibr/tests/infrastructure.tests/bin/debug/net9.0/infrastructure.tests.dll" id="3daedcb4-fe41-68ff-bbe1-10ebc0ee70b6">
      <Execution id="38232e5e-d67b-4efb-a378-4c2425240501" />
      <TestMethod codeBase="/Users/devmachine/kod/Modelibr/tests/Infrastructure.Tests/bin/Debug/net9.0/Infrastructure.Tests.dll" adapterTypeName="executor://xunit/VsTestRunner3/netcore/" className="Infrastructure.Tests.Storage.HashBasedFileStorageTests" name="Deduplicates_Same_Content" />
    </UnitTest>
    <UnitTest name="Infrastructure.Tests.WebDav.VirtualAssetStoreTests.GetItemAsync_RootPath_ReturnsRootCollection" storage="/users/devmachine/kod/modelibr/tests/infrastructure.tests/bin/debug/net9.0/infrastructure.tests.dll" id="ae1bf6e0-eee3-d77f-9f16-6e9ae6ae605a">
      <Execution id="2ca889bd-c0ba-4b3a-80d0-6e1f632c64b8" />
      <TestMethod codeBase="/Users/devmachine/kod/Modelibr/tests/Infrastructure.Tests/bin/Debug/net9.0/Infrastructure.Tests.dll" adapterTypeName="executor://xunit/VsTestRunner3/netcore/" className="Infrastructure.Tests.WebDav.VirtualAssetStoreTests" name="GetItemAsync_RootPath_ReturnsRootCollection" />
    </UnitTest>
    <UnitTest name="Infrastructure.Tests.Services.ThumbnailQueueTests.MarkFailedAsync_ExceedsMaxAttempts_ShouldMoveToDeadLetter" storage="/users/devmachine/kod/modelibr/tests/infrastructure.tests/bin/debug/net9.0/infrastructure.tests.dll" id="399e5d1b-867a-3361-d054-650f9621ab7f">
      <Execution id="3a5c1b5d-4626-4bae-a78e-b5c0c1372cc8" />
      <TestMethod codeBase="/Users/devmachine/kod/Modelibr/tests/Infrastructure.Tests/bin/Debug/net9.0/Infrastructure.Tests.dll" adapterTypeName="executor://xunit/VsTestRunner3/netcore/" className="Infrastructure.Tests.Services.ThumbnailQueueTests" name="MarkFailedAsync_ExceedsMaxAttempts_ShouldMoveToDeadLetter" />
    </UnitTest>
    <UnitTest name="Infrastructure.Tests.WebDav.VirtualAssetStoreTests.GetCollectionAsync_UnknownPath_ReturnsNull" storage="/users/devmachine/kod/modelibr/tests/infrastructure.tests/bin/debug/net9.0/infrastructure.tests.dll" id="a1c6c557-0d4b-a2b8-4bfe-8d31004e0062">
      <Execution id="caf32565-9b4f-48c7-9b6d-c920db960d63" />
      <TestMethod codeBase="/Users/devmachine/kod/Modelibr/tests/Infrastructure.Tests/bin/Debug/net9.0/Infrastructure.Tests.dll" adapterTypeName="executor://xunit/VsTestRunner3/netcore/" className="Infrastructure.Tests.WebDav.VirtualAssetStoreTests" name="GetCollectionAsync_UnknownPath_ReturnsNull" />
    </UnitTest>
    <UnitTest name="Infrastructure.Tests.WebDav.VirtualAssetStoreTests.GetCollectionAsync_RootPath_ReturnsRootCollection" storage="/users/devmachine/kod/modelibr/tests/infrastructure.tests/bin/debug/net9.0/infrastructure.tests.dll" id="59e49367-409a-07d5-e107-2409bd500c06">
      <Execution id="ea0cb015-427b-4c53-a443-97d1c5958353" />
      <TestMethod codeBase="/Users/devmachine/kod/Modelibr/tests/Infrastructure.Tests/bin/Debug/net9.0/Infrastructure.Tests.dll" adapterTypeName="executor://xunit/VsTestRunner3/netcore/" className="Infrastructure.Tests.WebDav.VirtualAssetStoreTests" name="GetCollectionAsync_RootPath_ReturnsRootCollection" />
    </UnitTest>
    <UnitTest name="Infrastructure.Tests.Storage.HashBasedFileStorageTests.Saves_File_Into_Hash_Sharded_Path" storage="/users/devmachine/kod/modelibr/tests/infrastructure.tests/bin/debug/net9.0/infrastructure.tests.dll" id="bf5868cd-d964-b427-c263-ee177f8815f1">
      <Execution id="fb27b901-945d-49da-a4a8-290b71fe1f01" />
      <TestMethod codeBase="/Users/devmachine/kod/Modelibr/tests/Infrastructure.Tests/bin/Debug/net9.0/Infrastructure.Tests.dll" adapterTypeName="executor://xunit/VsTestRunner3/netcore/" className="Infrastructure.Tests.Storage.HashBasedFileStorageTests" name="Saves_File_Into_Hash_Sharded_Path" />
    </UnitTest>
    <UnitTest name="Infrastructure.Tests.Services.ThumbnailQueueTests.RetryJobAsync_WithValidJob_ShouldNotifyWorkersOfAvailableJob" storage="/users/devmachine/kod/modelibr/tests/infrastructure.tests/bin/debug/net9.0/infrastructure.tests.dll" id="dea4dd3f-ce15-fb8e-0cd3-875d51c6224a">
      <Execution id="24b9b680-32db-4ce6-b071-b19d01fad3a3" />
      <TestMethod codeBase="/Users/devmachine/kod/Modelibr/tests/Infrastructure.Tests/bin/Debug/net9.0/Infrastructure.Tests.dll" adapterTypeName="executor://xunit/VsTestRunner3/netcore/" className="Infrastructure.Tests.Services.ThumbnailQueueTests" name="RetryJobAsync_WithValidJob_ShouldNotifyWorkersOfAvailableJob" />
    </UnitTest>
    <UnitTest name="Infrastructure.Tests.Services.ThumbnailQueueTests.CleanupExpiredLocksAsync_WithExpiredJobs_ShouldResetThem" storage="/users/devmachine/kod/modelibr/tests/infrastructure.tests/bin/debug/net9.0/infrastructure.tests.dll" id="d5e52ac7-9091-dcbe-95df-15bcf656a24d">
      <Execution id="fcdff0a9-eb42-4e78-bde1-82a344fb1f43" />
      <TestMethod codeBase="/Users/devmachine/kod/Modelibr/tests/Infrastructure.Tests/bin/Debug/net9.0/Infrastructure.Tests.dll" adapterTypeName="executor://xunit/VsTestRunner3/netcore/" className="Infrastructure.Tests.Services.ThumbnailQueueTests" name="CleanupExpiredLocksAsync_WithExpiredJobs_ShouldResetThem" />
    </UnitTest>
    <UnitTest name="Infrastructure.Tests.Services.ThumbnailQueueTests.CancelActiveJobsForModelAsync_WithOnlyPendingJob_ShouldCancelIt" storage="/users/devmachine/kod/modelibr/tests/infrastructure.tests/bin/debug/net9.0/infrastructure.tests.dll" id="66d57a7f-c8b7-09a8-e22a-6749eb669f1a">
      <Execution id="91897176-c362-44da-a60d-528f1718a7e7" />
      <TestMethod codeBase="/Users/devmachine/kod/Modelibr/tests/Infrastructure.Tests/bin/Debug/net9.0/Infrastructure.Tests.dll" adapterTypeName="executor://xunit/VsTestRunner3/netcore/" className="Infrastructure.Tests.Services.ThumbnailQueueTests" name="CancelActiveJobsForModelAsync_WithOnlyPendingJob_ShouldCancelIt" />
    </UnitTest>
    <UnitTest name="Infrastructure.Tests.WebDav.VirtualAssetStoreTests.GetCollectionAsync_NonExistentProject_ReturnsNull" storage="/users/devmachine/kod/modelibr/tests/infrastructure.tests/bin/debug/net9.0/infrastructure.tests.dll" id="994ea636-7948-b9e5-303e-94e4f81be8d7">
      <Execution id="7808d427-3b20-4581-aea3-463bdb0a1c85" />
      <TestMethod codeBase="/Users/devmachine/kod/Modelibr/tests/Infrastructure.Tests/bin/Debug/net9.0/Infrastructure.Tests.dll" adapterTypeName="executor://xunit/VsTestRunner3/netcore/" className="Infrastructure.Tests.WebDav.VirtualAssetStoreTests" name="GetCollectionAsync_NonExistentProject_ReturnsNull" />
    </UnitTest>
    <UnitTest name="Infrastructure.Tests.WebDav.VirtualAssetStoreTests.GetCollectionAsync_ProjectsPath_ReturnsProjectsCollection" storage="/users/devmachine/kod/modelibr/tests/infrastructure.tests/bin/debug/net9.0/infrastructure.tests.dll" id="ea8ee471-fd6d-0ec6-dbb1-053f1663f9c4">
      <Execution id="d71b2f84-8928-434e-b0d1-1bab4449ea6b" />
      <TestMethod codeBase="/Users/devmachine/kod/Modelibr/tests/Infrastructure.Tests/bin/Debug/net9.0/Infrastructure.Tests.dll" adapterTypeName="executor://xunit/VsTestRunner3/netcore/" className="Infrastructure.Tests.WebDav.VirtualAssetStoreTests" name="GetCollectionAsync_ProjectsPath_ReturnsProjectsCollection" />
    </UnitTest>
    <UnitTest name="Infrastructure.Tests.Services.ThumbnailQueueTests.DequeueAsync_WhenNoJobAvailable_ShouldReturnNull" storage="/users/devmachine/kod/modelibr/tests/infrastructure.tests/bin/debug/net9.0/infrastructure.tests.dll" id="c07f9614-f6d3-4a45-c63a-2873b95b9e70">
      <Execution id="0850df62-37df-4300-8890-c57db34be24d" />
      <TestMethod codeBase="/Users/devmachine/kod/Modelibr/tests/Infrastructure.Tests/bin/Debug/net9.0/Infrastructure.Tests.dll" adapterTypeName="executor://xunit/VsTestRunner3/netcore/" className="Infrastructure.Tests.Services.ThumbnailQueueTests" name="DequeueAsync_WhenNoJobAvailable_ShouldReturnNull" />
    </UnitTest>
    <UnitTest name="Infrastructure.Tests.Services.ThumbnailQueueTests.DequeueAsync_WhenJobAvailable_ShouldClaimAndReturnJob" storage="/users/devmachine/kod/modelibr/tests/infrastructure.tests/bin/debug/net9.0/infrastructure.tests.dll" id="0fa89c28-2e0c-f96f-7161-57c64cde39ac">
      <Execution id="3a99a40d-7f8e-4086-ab3a-343e3e3e9239" />
      <TestMethod codeBase="/Users/devmachine/kod/Modelibr/tests/Infrastructure.Tests/bin/Debug/net9.0/Infrastructure.Tests.dll" adapterTypeName="executor://xunit/VsTestRunner3/netcore/" className="Infrastructure.Tests.Services.ThumbnailQueueTests" name="DequeueAsync_WhenJobAvailable_ShouldClaimAndReturnJob" />
    </UnitTest>
    <UnitTest name="Infrastructure.Tests.Services.ThumbnailQueueTests.EnqueueEnvironmentMapThumbnailAsync_WhenNoExistingJob_ShouldCreateNewJob" storage="/users/devmachine/kod/modelibr/tests/infrastructure.tests/bin/debug/net9.0/infrastructure.tests.dll" id="17778559-987a-6375-867e-463d7085688b">
      <Execution id="22fd7f20-8c31-405d-8c66-00d3ebf6c060" />
      <TestMethod codeBase="/Users/devmachine/kod/Modelibr/tests/Infrastructure.Tests/bin/Debug/net9.0/Infrastructure.Tests.dll" adapterTypeName="executor://xunit/VsTestRunner3/netcore/" className="Infrastructure.Tests.Services.ThumbnailQueueTests" name="EnqueueEnvironmentMapThumbnailAsync_WhenNoExistingJob_ShouldCreateNewJob" />
    </UnitTest>
    <UnitTest name="Infrastructure.Tests.Services.ThumbnailQueueTests.EnqueueAsync_WhenJobExistsAndForceRegenerate_ShouldResetAndReturn" storage="/users/devmachine/kod/modelibr/tests/infrastructure.tests/bin/debug/net9.0/infrastructure.tests.dll" id="2b7324fd-d92e-3391-d581-62f2c2db641e">
      <Execution id="a6a15887-bdd1-4b60-82a2-16334cafe419" />
      <TestMethod codeBase="/Users/devmachine/kod/Modelibr/tests/Infrastructure.Tests/bin/Debug/net9.0/Infrastructure.Tests.dll" adapterTypeName="executor://xunit/VsTestRunner3/netcore/" className="Infrastructure.Tests.Services.ThumbnailQueueTests" name="EnqueueAsync_WhenJobExistsAndForceRegenerate_ShouldResetAndReturn" />
    </UnitTest>
    <UnitTest name="Infrastructure.Tests.Services.ThumbnailQueueTests.EnqueueAsync_WhenJobExists_ShouldReturnExistingJobWithoutReset" storage="/users/devmachine/kod/modelibr/tests/infrastructure.tests/bin/debug/net9.0/infrastructure.tests.dll" id="6977c1bd-5854-cc13-422a-39ac380af7a0">
      <Execution id="86e936bf-7141-4e77-a3ce-362927f5bd34" />
      <TestMethod codeBase="/Users/devmachine/kod/Modelibr/tests/Infrastructure.Tests/bin/Debug/net9.0/Infrastructure.Tests.dll" adapterTypeName="executor://xunit/VsTestRunner3/netcore/" className="Infrastructure.Tests.Services.ThumbnailQueueTests" name="EnqueueAsync_WhenJobExists_ShouldReturnExistingJobWithoutReset" />
    </UnitTest>
    <UnitTest name="Infrastructure.Tests.Services.ThumbnailQueueTests.CancelActiveJobsForModelAsync_WithNoActiveJobs_ShouldReturnZero" storage="/users/devmachine/kod/modelibr/tests/infrastructure.tests/bin/debug/net9.0/infrastructure.tests.dll" id="3afea6eb-a622-1343-7ccb-f2e3dd8b6716">
      <Execution id="cca3c811-d963-437c-9970-3aebe0264cb6" />
      <TestMethod codeBase="/Users/devmachine/kod/Modelibr/tests/Infrastructure.Tests/bin/Debug/net9.0/Infrastructure.Tests.dll" adapterTypeName="executor://xunit/VsTestRunner3/netcore/" className="Infrastructure.Tests.Services.ThumbnailQueueTests" name="CancelActiveJobsForModelAsync_WithNoActiveJobs_ShouldReturnZero" />
    </UnitTest>
    <UnitTest name="Infrastructure.Tests.WebDav.VirtualAssetStoreTests.GetCollectionAsync_ProjectByName_ReturnsProjectCollection" storage="/users/devmachine/kod/modelibr/tests/infrastructure.tests/bin/debug/net9.0/infrastructure.tests.dll" id="8eadac3a-5fd7-d2e2-d86a-ede00fc9bd9a">
      <Execution id="08a41100-9ab7-498f-b06b-0ef448582af5" />
      <TestMethod codeBase="/Users/devmachine/kod/Modelibr/tests/Infrastructure.Tests/bin/Debug/net9.0/Infrastructure.Tests.dll" adapterTypeName="executor://xunit/VsTestRunner3/netcore/" className="Infrastructure.Tests.WebDav.VirtualAssetStoreTests" name="GetCollectionAsync_ProjectByName_ReturnsProjectCollection" />
    </UnitTest>
    <UnitTest name="Infrastructure.Tests.Storage.HashBasedFileStorageTests.Concurrent_Saves_Do_Not_Corrupt" storage="/users/devmachine/kod/modelibr/tests/infrastructure.tests/bin/debug/net9.0/infrastructure.tests.dll" id="a7604183-8309-17c8-f2d6-4e9b7994bb44">
      <Execution id="0ba8c6ab-7dd6-458f-8fa1-66d197244837" />
      <TestMethod codeBase="/Users/devmachine/kod/Modelibr/tests/Infrastructure.Tests/bin/Debug/net9.0/Infrastructure.Tests.dll" adapterTypeName="executor://xunit/VsTestRunner3/netcore/" className="Infrastructure.Tests.Storage.HashBasedFileStorageTests" name="Concurrent_Saves_Do_Not_Corrupt" />
    </UnitTest>
    <UnitTest name="Infrastructure.Tests.Services.ThumbnailQueueTests.MarkCompletedAsync_WithValidJob_ShouldUpdateJobAsCompleted" storage="/users/devmachine/kod/modelibr/tests/infrastructure.tests/bin/debug/net9.0/infrastructure.tests.dll" id="3cfac417-29bb-c9df-ed9e-3c989c2b84b8">
      <Execution id="1fa85da4-5da4-4624-932b-5743e973fcfd" />
      <TestMethod codeBase="/Users/devmachine/kod/Modelibr/tests/Infrastructure.Tests/bin/Debug/net9.0/Infrastructure.Tests.dll" adapterTypeName="executor://xunit/VsTestRunner3/netcore/" className="Infrastructure.Tests.Services.ThumbnailQueueTests" name="MarkCompletedAsync_WithValidJob_ShouldUpdateJobAsCompleted" />
    </UnitTest>
    <UnitTest name="Infrastructure.Tests.Services.ThumbnailQueueTests.RetryJobAsync_WithValidJob_ShouldResetJob" storage="/users/devmachine/kod/modelibr/tests/infrastructure.tests/bin/debug/net9.0/infrastructure.tests.dll" id="f6350b41-1c9f-9231-60dc-d73d323507d2">
      <Execution id="0141ed52-d84b-4a83-98ae-a586d68fefcc" />
      <TestMethod codeBase="/Users/devmachine/kod/Modelibr/tests/Infrastructure.Tests/bin/Debug/net9.0/Infrastructure.Tests.dll" adapterTypeName="executor://xunit/VsTestRunner3/netcore/" className="Infrastructure.Tests.Services.ThumbnailQueueTests" name="RetryJobAsync_WithValidJob_ShouldResetJob" />
    </UnitTest>
    <UnitTest name="Infrastructure.Tests.WebDav.VirtualAssetStoreTests.GetCollectionAsync_SoundsPath_ReturnsSoundCategoriesCollection" storage="/users/devmachine/kod/modelibr/tests/infrastructure.tests/bin/debug/net9.0/infrastructure.tests.dll" id="210e2bfc-953b-52e7-0699-b0bb8a4368b5">
      <Execution id="0d4d694e-3e04-4c09-99b2-0cead0b22efd" />
      <TestMethod codeBase="/Users/devmachine/kod/Modelibr/tests/Infrastructure.Tests/bin/Debug/net9.0/Infrastructure.Tests.dll" adapterTypeName="executor://xunit/VsTestRunner3/netcore/" className="Infrastructure.Tests.WebDav.VirtualAssetStoreTests" name="GetCollectionAsync_SoundsPath_ReturnsSoundCategoriesCollection" />
    </UnitTest>
    <UnitTest name="Infrastructure.Tests.Services.ThumbnailQueueTests.EnqueueAsync_WhenNoExistingJob_ShouldCreateNewJob" storage="/users/devmachine/kod/modelibr/tests/infrastructure.tests/bin/debug/net9.0/infrastructure.tests.dll" id="ea84e3fe-759f-eb73-5709-3550ca6d6270">
      <Execution id="ad2af2a2-2417-4bf6-92fe-c896ed0cbe2e" />
      <TestMethod codeBase="/Users/devmachine/kod/Modelibr/tests/Infrastructure.Tests/bin/Debug/net9.0/Infrastructure.Tests.dll" adapterTypeName="executor://xunit/VsTestRunner3/netcore/" className="Infrastructure.Tests.Services.ThumbnailQueueTests" name="EnqueueAsync_WhenNoExistingJob_ShouldCreateNewJob" />
    </UnitTest>
    <UnitTest name="Infrastructure.Tests.Services.ThumbnailQueueTests.MarkFailedAsync_WithinMaxAttempts_ShouldRetryJob" storage="/users/devmachine/kod/modelibr/tests/infrastructure.tests/bin/debug/net9.0/infrastructure.tests.dll" id="71b3ee7d-fda3-e799-cbe5-822795b859ff">
      <Execution id="a4c3721f-0ff7-47e7-847f-dd200d0f1e55" />
      <TestMethod codeBase="/Users/devmachine/kod/Modelibr/tests/Infrastructure.Tests/bin/Debug/net9.0/Infrastructure.Tests.dll" adapterTypeName="executor://xunit/VsTestRunner3/netcore/" className="Infrastructure.Tests.Services.ThumbnailQueueTests" name="MarkFailedAsync_WithinMaxAttempts_ShouldRetryJob" />
    </UnitTest>
    <UnitTest name="Infrastructure.Tests.Services.ThumbnailQueueTests.CancelActiveJobsForModelAsync_WithActiveJobs_ShouldCancelThem" storage="/users/devmachine/kod/modelibr/tests/infrastructure.tests/bin/debug/net9.0/infrastructure.tests.dll" id="29af7557-25f5-2fa7-0984-73f15f6cc1ef">
      <Execution id="ebe74ff3-c451-426a-b9b2-4a53404ee720" />
      <TestMethod codeBase="/Users/devmachine/kod/Modelibr/tests/Infrastructure.Tests/bin/Debug/net9.0/Infrastructure.Tests.dll" adapterTypeName="executor://xunit/VsTestRunner3/netcore/" className="Infrastructure.Tests.Services.ThumbnailQueueTests" name="CancelActiveJobsForModelAsync_WithActiveJobs_ShouldCancelThem" />
    </UnitTest>
  </TestDefinitions>
  <TestEntries>
    <TestEntry testId="17778559-987a-6375-867e-463d7085688b" executionId="22fd7f20-8c31-405d-8c66-00d3ebf6c060" testListId="8c84fa94-04c1-424b-9868-57a2d4851a1d" />
    <TestEntry testId="399e5d1b-867a-3361-d054-650f9621ab7f" executionId="3a5c1b5d-4626-4bae-a78e-b5c0c1372cc8" testListId="8c84fa94-04c1-424b-9868-57a2d4851a1d" />
    <TestEntry testId="ea8ee471-fd6d-0ec6-dbb1-053f1663f9c4" executionId="d71b2f84-8928-434e-b0d1-1bab4449ea6b" testListId="8c84fa94-04c1-424b-9868-57a2d4851a1d" />
    <TestEntry testId="6977c1bd-5854-cc13-422a-39ac380af7a0" executionId="86e936bf-7141-4e77-a3ce-362927f5bd34" testListId="8c84fa94-04c1-424b-9868-57a2d4851a1d" />
    <TestEntry testId="ea84e3fe-759f-eb73-5709-3550ca6d6270" executionId="ad2af2a2-2417-4bf6-92fe-c896ed0cbe2e" testListId="8c84fa94-04c1-424b-9868-57a2d4851a1d" />
    <TestEntry testId="a7604183-8309-17c8-f2d6-4e9b7994bb44" executionId="0ba8c6ab-7dd6-458f-8fa1-66d197244837" testListId="8c84fa94-04c1-424b-9868-57a2d4851a1d" />
    <TestEntry testId="71b3ee7d-fda3-e799-cbe5-822795b859ff" executionId="a4c3721f-0ff7-47e7-847f-dd200d0f1e55" testListId="8c84fa94-04c1-424b-9868-57a2d4851a1d" />
    <TestEntry testId="59e49367-409a-07d5-e107-2409bd500c06" executionId="ea0cb015-427b-4c53-a443-97d1c5958353" testListId="8c84fa94-04c1-424b-9868-57a2d4851a1d" />
    <TestEntry testId="2b7324fd-d92e-3391-d581-62f2c2db641e" executionId="a6a15887-bdd1-4b60-82a2-16334cafe419" testListId="8c84fa94-04c1-424b-9868-57a2d4851a1d" />
    <TestEntry testId="994ea636-7948-b9e5-303e-94e4f81be8d7" executionId="7808d427-3b20-4581-aea3-463bdb0a1c85" testListId="8c84fa94-04c1-424b-9868-57a2d4851a1d" />
    <TestEntry testId="66d57a7f-c8b7-09a8-e22a-6749eb669f1a" executionId="91897176-c362-44da-a60d-528f1718a7e7" testListId="8c84fa94-04c1-424b-9868-57a2d4851a1d" />
    <TestEntry testId="8eadac3a-5fd7-d2e2-d86a-ede00fc9bd9a" executionId="08a41100-9ab7-498f-b06b-0ef448582af5" testListId="8c84fa94-04c1-424b-9868-57a2d4851a1d" />
    <TestEntry testId="3daedcb4-fe41-68ff-bbe1-10ebc0ee70b6" executionId="38232e5e-d67b-4efb-a378-4c2425240501" testListId="8c84fa94-04c1-424b-9868-57a2d4851a1d" />
    <TestEntry testId="f6350b41-1c9f-9231-60dc-d73d323507d2" executionId="0141ed52-d84b-4a83-98ae-a586d68fefcc" testListId="8c84fa94-04c1-424b-9868-57a2d4851a1d" />
    <TestEntry testId="ae1bf6e0-eee3-d77f-9f16-6e9ae6ae605a" executionId="2ca889bd-c0ba-4b3a-80d0-6e1f632c64b8" testListId="8c84fa94-04c1-424b-9868-57a2d4851a1d" />
    <TestEntry testId="c07f9614-f6d3-4a45-c63a-2873b95b9e70" executionId="0850df62-37df-4300-8890-c57db34be24d" testListId="8c84fa94-04c1-424b-9868-57a2d4851a1d" />
    <TestEntry testId="3afea6eb-a622-1343-7ccb-f2e3dd8b6716" executionId="cca3c811-d963-437c-9970-3aebe0264cb6" testListId="8c84fa94-04c1-424b-9868-57a2d4851a1d" />
    <TestEntry testId="dea4dd3f-ce15-fb8e-0cd3-875d51c6224a" executionId="24b9b680-32db-4ce6-b071-b19d01fad3a3" testListId="8c84fa94-04c1-424b-9868-57a2d4851a1d" />
    <TestEntry testId="bf5868cd-d964-b427-c263-ee177f8815f1" executionId="fb27b901-945d-49da-a4a8-290b71fe1f01" testListId="8c84fa94-04c1-424b-9868-57a2d4851a1d" />
    <TestEntry testId="d5e52ac7-9091-dcbe-95df-15bcf656a24d" executionId="fcdff0a9-eb42-4e78-bde1-82a344fb1f43" testListId="8c84fa94-04c1-424b-9868-57a2d4851a1d" />
    <TestEntry testId="29af7557-25f5-2fa7-0984-73f15f6cc1ef" executionId="ebe74ff3-c451-426a-b9b2-4a53404ee720" testListId="8c84fa94-04c1-424b-9868-57a2d4851a1d" />
    <TestEntry testId="a1c6c557-0d4b-a2b8-4bfe-8d31004e0062" executionId="caf32565-9b4f-48c7-9b6d-c920db960d63" testListId="8c84fa94-04c1-424b-9868-57a2d4851a1d" />
    <TestEntry testId="210e2bfc-953b-52e7-0699-b0bb8a4368b5" executionId="0d4d694e-3e04-4c09-99b2-0cead0b22efd" testListId="8c84fa94-04c1-424b-9868-57a2d4851a1d" />
    <TestEntry testId="0fa89c28-2e0c-f96f-7161-57c64cde39ac" executionId="3a99a40d-7f8e-4086-ab3a-343e3e3e9239" testListId="8c84fa94-04c1-424b-9868-57a2d4851a1d" />
    <TestEntry testId="3cfac417-29bb-c9df-ed9e-3c989c2b84b8" executionId="1fa85da4-5da4-4624-932b-5743e973fcfd" testListId="8c84fa94-04c1-424b-9868-57a2d4851a1d" />
  </TestEntries>
  <TestLists>
    <TestList name="Wyniki, których nie ma na liście" id="8c84fa94-04c1-424b-9868-57a2d4851a1d" />
    <TestList name="Wszystkie załadowane wyniki" id="19431567-8539-422a-85d7-44ee4e166bda" />
  </TestLists>
  <ResultSummary outcome="Completed">
    <Counters total="25" executed="25" passed="25" failed="0" error="0" timeout="0" aborted="0" inconclusive="0" passedButRunAborted="0" notRunnable="0" notExecuted="0" disconnected="0" warning="0" completed="0" inProgress="0" pending="0" />
    <Output>
      <StdOut>[xUnit.net 00:00:00.00] xUnit.net VSTest Adapter v3.0.2+dd36e86129 (64-bit .NET 9.0.14)
[xUnit.net 00:00:00.04]   Discovering: Infrastructure.Tests
[xUnit.net 00:00:00.05]   Discovered:  Infrastructure.Tests
[xUnit.net 00:00:00.06]   Starting:    Infrastructure.Tests
[xUnit.net 00:00:00.61]   Finished:    Infrastructure.Tests
</StdOut>
    </Output>
  </ResultSummary>
</TestRun>